Generation 0, red
---------------------
   00|01|02|03|04|05|
00: F|  | R| F| F| F|
01:  | R|  | R|  | R|
02: R| F| F|  | R| F|
03: F| R| R| R| R| R|
04: R| R|  |  | F| R|
05: R| F| R| F|  | F|
---------------------
Generation 1, red
---------------------
   00|01|02|03|04|05|
00:  | F|  | F|  | F|
01: R|  | R|  | F|  |
02:  | F|  |  |  | F|
03: F| R| F|  | F| R|
04: R| R|  | R|  | F|
05: R|  | F|  |  |  |
---------------------
Generation 1, black
---------------------
   00|01|02|03|04|05|
00:  | F|  |  | F|  |
01: R|  | R|  | F|  |
02:  |  |  |  |  |  |
03:  | F| F|  | F| F|
04: R|  |  | R|  | F|
05:  | R| F|  |  |  |
---------------------
Generation 2, red
---------------------
   00|01|02|03|04|05|
00:  | F|  |  |  | F|
01: R|  | R|  | F|  |
02:  |  |  |  |  | F|
03: R|  | F|  | F|  |
04: R| F|  | R|  | F|
05: R| R| F|  |  |  |
---------------------
Generation 2, black
---------------------
   00|01|02|03|04|05|
00: R|  | R|  |  | F|
01: R| F| R|  |  |  |
02:  |  | F|  | F| F|
03: R|  |  |  |  |  |
04: R| F| R| R| F|  |
05: R| F|  |  |  |  |
---------------------
Generation 3, red
---------------------
   00|01|02|03|04|05|
00:  | R|  | R|  | F|
01: F|  | F|  |  |  |
02:  |  |  |  |  | F|
03: R|  | R|  | F|  |
04: R| F|  | F|  |  |
05: F|  |  |  |  |  |
---------------------
Generation 3, black
---------------------
   00|01|02|03|04|05|
00:  | R|  | R| F|  |
01: F|  | F|  |  |  |
02: R|  |  |  | F|  |
03:  |  | R|  | F|  |
04: F|  |  | F|  |  |
05: F|  |  |  |  |  |
---------------------
Generation 4, red
---------------------
   00|01|02|03|04|05|
00:  | R|  | F|  |  |
01: F|  | F|  |  |  |
02: R| R|  |  |  | F|
03: F|  | R|  | F|  |
04:  |  |  | F|  |  |
05: F|  |  |  |  |  |
---------------------
Generation 4, black
---------------------
   00|01|02|03|04|05|
00:  | R| F| F|  |  |
01:  | R|  |  |  |  |
02: F| R| R|  |  | F|
03: F|  | R|  |  |  |
04: F|  | F|  | F|  |
05:  |  |  |  |  |  |
---------------------
Generation 5, red
---------------------
   00|01|02|03|04|05|
00:  | F| F| F|  |  |
01: R|  | R|  |  |  |
02: F| F|  |  |  | F|
03: F|  | F|  | F|  |
04: F| F| F|  | F|  |
05:  |  |  |  |  |  |
---------------------
Generation 5, black
---------------------
   00|01|02|03|04|05|
00:  | F| F| F|  |  |
01: R|  | R| F|  |  |
02: F| F|  |  | F| F|
03: F| F| F|  | F|  |
04: F| F| F|  | F|  |
05:  |  |  |  |  |  |
---------------------
Generation 6, red
---------------------
   00|01|02|03|04|05|
00:  | F|  | F|  |  |
01: F|  | F|  | F|  |
02:  | F|  |  |  | F|
03: F| F| F|  | F|  |
04:  | F|  | F|  |  |
05: F|  |  |  | F|  |
---------------------
Generation 6, black
---------------------
   00|01|02|03|04|05|
00:  |  |  |  | F|  |
01: F| F| F|  | F|  |
02: F|  | F|  | F|  |
03:  | F|  |  |  |  |
04:  |  | F| F| F|  |
05: F| F|  |  | F|  |
---------------------
Generation 7, red
---------------------
   00|01|02|03|04|05|
00:  |  |  |  |  | F|
01: F|  | F|  | F|  |
02:  | F|  |  |  |  |
03: F|  |  |  | F|  |
04:  | F|  | F|  |  |
05: F|  | F|  | F|  |
---------------------
Generation 7, black
---------------------
   00|01|02|03|04|05|
00: F|  | F|  |  | F|
01:  |  |  |  |  |  |
02:  | F|  |  | F|  |
03: F|  |  |  | F|  |
04: F| F| F|  |  |  |
05:  |  | F|  |  | F|
---------------------
Generation 8, red
---------------------
   00|01|02|03|04|05|
00:  | F|  |  |  | F|
01:  |  |  |  |  |  |
02:  | F|  |  |  | F|
03: F|  | F|  | F|  |
04:  | F|  |  |  |  |
05: F|  | F|  | F|  |
---------------------
Generation 8, black
---------------------
   00|01|02|03|04|05|
00:  | F|  |  | F|  |
01:  |  |  |  |  |  |
02: F|  | F|  |  | F|
03:  |  | F|  |  |  |
04:  |  | F|  | F|  |
05: F| F|  |  | F|  |
---------------------
Generation 9, red
---------------------
   00|01|02|03|04|05|
00:  | F|  |  |  |  |
01: F|  |  |  | F|  |
02:  | F|  |  |  | F|
03:  |  | F|  |  |  |
04:  | F|  |  |  | F|
05: F|  | F|  | F|  |
---------------------
Generation 9, black
---------------------
   00|01|02|03|04|05|
00:  |  |  |  |  |  |
01: F| F|  |  | F|  |
02:  | F| F|  | F|  |
03:  |  |  |  |  |  |
04: F| F|  |  |  | F|
05:  |  | F|  |  | F|
---------------------
Generation 10, red
---------------------
   00|01|02|03|04|05|
00:  |  |  |  |  |  |
01: F| F| F|  | F|  |
02:  | F| F|  | F|  |
03: F|  | F|  | F|  |
04: F| F|  |  |  | F|
05:  |  | F|  | F| F|
---------------------
Generation 10, black
---------------------
   00|01|02|03|04|05|
00: F|  |  |  |  |  |
01: F| F| F|  | F| F|
02: F| F| F|  | F|  |
03: F|  | F|  | F|  |
04: F| F| F|  | F| F|
05:  | F| F|  | F| F|
---------------------
Generation 11, red
---------------------
   00|01|02|03|04|05|
00:  | F|  |  |  |  |
01: F|  | F|  | F|  |
02: F| F|  | F|  | F|
03: F|  | F|  | F|  |
04:  | F|  | F|  | F|
05: F|  | F|  | F| F|
---------------------
Generation 11, black
---------------------
   00|01|02|03|04|05|
00: F| F| F|  |  |  |
01:  |  |  |  |  |  |
02: F|  | F| F| F| F|
03:  | F|  |  |  |  |
04:  |  | F| F| F|  |
05: F| F|  |  |  | F|
---------------------
Generation 12, red
---------------------
   00|01|02|03|04|05|
00:  | F|  | F|  |  |
01: F|  |  |  | F|  |
02:  | F|  | F|  | F|
03: F|  |  |  |  |  |
04:  | F|  | F|  | F|
05: F|  | F|  | F|  |
---------------------
Generation 12, black
---------------------
   00|01|02|03|04|05|
00:  |  |  | F|  |  |
01: F| F|  |  | F|  |
02:  | F| F|  | F|  |
03: F|  |  |  |  |  |
04: F| F| F|  |  | F|
05:  |  | F|  | F|  |
---------------------
Generation 13, red
---------------------
   00|01|02|03|04|05|
00:  |  |  | F|  |  |
01: F|  | F|  | F|  |
02:  | F|  |  |  |  |
03: F|  | F|  | F|  |
04:  | F|  |  |  | F|
05: F|  | F|  | F|  |
---------------------
Generation 13, black
---------------------
   00|01|02|03|04|05|
00: F|  |  |  | F|  |
01:  |  | F|  |  |  |
02: F|  | F|  | F|  |
03:  |  | F|  | F|  |
04:  |  | F|  | F|  |
05: F| F|  |  |  | F|
---------------------
Generation 14, red
---------------------
   00|01|02|03|04|05|
00:  | F|  |  |  |  |
01: F|  | F|  | F|  |
02:  |  |  | F|  | F|
03:  |  | F|  | F|  |
04:  | F|  |  |  |  |
05: F|  | F|  | F|  |
---------------------
Generation 14, black
---------------------
   00|01|02|03|04|05|
00:  | F| F|  |  |  |
01: F|  |  |  | F|  |
02:  |  | F| F|  | F|
03:  |  |  |  |  |  |
04: F| F|  |  | F|  |
05:  |  | F|  | F|  |
---------------------
Generation 15, red
---------------------
   00|01|02|03|04|05|
00:  | F| F| F|  |  |
01: F|  |  |  | F|  |
02:  | F| F| F|  | F|
03: F|  |  |  |  |  |
04: F| F|  |  | F| F|
05:  |  | F|  | F|  |
---------------------
Generation 15, black
---------------------
   00|01|02|03|04|05|
00: F| F| F| F|  |  |
01: F|  |  | F| F|  |
02:  | F| F| F| F| F|
03: F|  |  |  |  |  |
04: F| F| F|  | F| F|
05:  | F| F|  | F| F|
---------------------
Generation 16, red
---------------------
   00|01|02|03|04|05|
00: F| F|  | F|  |  |
01: F|  | F|  | F|  |
02:  | F|  | F|  | F|
03: F|  | F|  | F|  |
04:  | F|  |  |  | F|
05: F|  | F|  | F| F|
---------------------
Generation 16, black
---------------------
   00|01|02|03|04|05|
00: F|  |  |  | F|  |
01:  | F| F|  |  |  |
02: F|  | F|  | F|  |
03:  |  | F|  | F|  |
04:  |  | F|  | F|  |
05: F| F|  |  |  | F|
---------------------
Generation 17, red
---------------------
   00|01|02|03|04|05|
00:  | F|  |  |  |  |
01: F|  | F|  | F|  |
02:  | F|  | F|  | F|
03:  |  | F|  | F|  |
04:  | F|  |  |  |  |
05: F|  | F|  | F|  |
---------------------
Generation 17, black
---------------------
   00|01|02|03|04|05|
00:  | F| F|  |  |  |
01: F|  |  |  | F|  |
02:  | F| F| F|  | F|
03:  |  |  |  |  |  |
04: F| F|  |  | F|  |
05:  |  | F|  | F|  |
---------------------
Generation 18, red
---------------------
   00|01|02|03|04|05|
00:  | F|  | F|  |  |
01: F|  | F|  | F|  |
02:  | F|  | F|  | F|
03: F|  |  |  |  |  |
04:  | F|  |  |  | F|
05:  |  | F|  | F|  |
---------------------
Generation 18, black
---------------------
   00|01|02|03|04|05|
00: F|  |  | F|  |  |
01:  | F| F|  |  |  |
02:  |  | F|  | F|  |
03: F|  |  |  |  |  |
04:  |  | F|  |  | F|
05:  | F|  |  |  | F|
---------------------
Generation 19, red
---------------------
   00|01|02|03|04|05|
00:  | F|  | F|  |  |
01:  |  | F|  | F|  |
02:  | F|  |  |  |  |
03: F|  |  |  |  |  |
04:  |  |  |  |  | F|
05:  |  | F|  | F|  |
---------------------
Generation 19, black
---------------------
   00|01|02|03|04|05|
00:  | F| F|  | F|  |
01:  |  |  |  | F|  |
02: F| F|  |  |  |  |
03:  |  |  |  |  |  |
04:  |  |  |  | F|  |
05:  |  | F|  | F|  |
---------------------
Generation 20, red
---------------------
   00|01|02|03|04|05|
00:  | F| F| F| F| F|
01: F|  |  |  | F|  |
02: F| F|  |  |  |  |
03:  |  |  |  |  |  |
04:  |  |  |  | F| F|
05:  |  | F|  | F|  |
---------------------
Generation 20, black
---------------------
   00|01|02|03|04|05|
00:  | F| F|  | F| F|
01: F|  |  |  | F|  |
02: F| F| F|  | F|  |
03:  |  |  |  |  |  |
04:  |  |  |  | F| F|
05:  | F| F|  | F| F|
---------------------
Generation 21, red
---------------------
   00|01|02|03|04|05|
00:  | F|  | F|  | F|
01: F|  |  |  | F|  |
02:  | F|  |  |  |  |
03: F|  | F|  | F|  |
04:  |  |  |  |  | F|
05: F|  | F|  | F| F|
---------------------
Generation 21, black
---------------------
   00|01|02|03|04|05|
00: F|  |  | F| F|  |
01:  | F|  |  |  |  |
02:  |  | F|  | F|  |
03: F|  | F|  | F|  |
04:  |  |  |  | F|  |
05: F| F|  |  |  | F|
---------------------
Generation 22, red
---------------------
   00|01|02|03|04|05|
00:  | F|  | F|  | F|
01: F|  |  |  |  |  |
02:  | F|  |  |  | F|
03: F|  | F|  | F|  |
04:  |  |  |  |  |  |
05: F|  | F|  | F|  |
---------------------
Generation 22, black
---------------------
   00|01|02|03|04|05|
00:  | F|  |  | F| F|
01: F|  |  |  |  |  |
02: F| F| F|  |  | F|
03:  |  |  |  |  |  |
04: F|  |  |  | F|  |
05:  |  | F|  | F|  |
---------------------
Generation 23, red
---------------------
   00|01|02|03|04|05|
00:  | F|  |  |  | F|
01: F|  |  |  | F|  |
02:  | F|  |  |  | F|
03: F|  | F|  |  |  |
04:  |  |  |  |  | F|
05:  |  | F|  | F|  |
---------------------
Generation 23, black
---------------------
   00|01|02|03|04|05|
00: F|  |  |  | F|  |
01:  | F|  |  | F|  |
02:  |  | F|  | F|  |
03: F|  | F|  |  |  |
04:  |  |  |  |  | F|
05:  | F|  |  |  | F|
---------------------
Generation 24, red
---------------------
   00|01|02|03|04|05|
00:  | F|  |  |  | F|
01: F|  |  |  | F|  |
02:  | F|  |  |  |  |
03: F|  | F|  | F|  |
04:  |  |  |  |  | F|
05:  |  | F|  | F|  |
---------------------
Generation 24, black
---------------------
   00|01|02|03|04|05|
00:  | F|  |  |  | F|
01: F|  |  |  |  |  |
02: F| F| F|  | F|  |
03:  |  |  |  | F|  |
04:  |  |  |  | F|  |
05:  |  | F|  | F|  |
---------------------
Generation 25, red
---------------------
   00|01|02|03|04|05|
00:  | F|  |  |  | F|
01: F|  |  |  |  |  |
02: F| F| F|  | F| F|
03: F|  | F|  | F|  |
04:  |  |  |  | F| F|
05:  |  | F|  | F|  |
---------------------
Generation 25, black
---------------------
   00|01|02|03|04|05|
00:  | F|  |  |  | F|
01: F| F|  |  |  |  |
02: F| F| F|  | F| F|
03: F| F|  |  | F| F|
04:  |  |  |  | F| F|
05:  | F| F|  | F| F|
---------------------
Generation 26, red
---------------------
   00|01|02|03|04|05|
00:  | F|  |  |  | F|
01: F|  | F|  | F|  |
02: F| F|  |  |  | F|
03: F|  | F|  | F| F|
04:  | F|  | F|  | F|
05: F|  | F|  | F| F|
---------------------
Generation 26, black
---------------------
   00|01|02|03|04|05|
00: F|  |  |  | F|  |
01:  | F| F|  | F|  |
02: F|  | F|  | F|  |
03:  | F| F|  |  | F|
04:  | F|  | F| F|  |
05: F| F|  |  |  | F|
---------------------
Generation 27, red
---------------------
   00|01|02|03|04|05|
00:  | F|  |  |  | F|
01: F|  | F|  | F|  |
02:  | F|  | F|  |  |
03: F|  | F|  | F|  |
04:  | F|  | F|  | F|
05: F|  | F|  | F|  |
---------------------
Generation 27, black
---------------------
   00|01|02|03|04|05|
00:  | F| F|  |  | F|
01: F|  |  |  |  |  |
02:  | F| F| F| F|  |
03: F|  |  |  | F|  |
04: F|  | F|  |  | F|
05:  |  | F|  | F|  |
---------------------
Generation 28, red
---------------------
   00|01|02|03|04|05|
00:  | F|  | F|  | F|
01: F|  | F|  | F|  |
02:  | F|  | F|  |  |
03: F|  |  |  | F|  |
04:  | F|  |  |  | F|
05:  |  | F|  | F|  |
---------------------
Generation 28, black
---------------------
   00|01|02|03|04|05|
00: F|  |  | F| F|  |
01:  | F| F|  | F|  |
02: F|  | F|  |  |  |
03:  |  |  |  |  |  |
04:  | F|  |  | F|  |
05:  | F|  |  |  | F|
---------------------
Generation 29, red
---------------------
   00|01|02|03|04|05|
00:  | F|  | F|  | F|
01: F|  | F|  | F|  |
02:  | F|  |  |  |  |
03:  |  |  |  | F|  |
04:  | F|  |  |  |  |
05: F|  |  |  | F|  |
---------------------
Generation 29, black
---------------------
   00|01|02|03|04|05|
00:  | F| F|  | F| F|
01: F|  |  |  |  |  |
02:  | F|  |  | F|  |
03:  |  |  |  | F|  |
04:  |  | F|  |  |  |
05: F|  |  |  | F|  |
---------------------
Generation 30, red
---------------------
   00|01|02|03|04|05|
00:  | F| F| F| F| F|
01: F|  |  |  | F|  |
02:  | F|  |  | F| F|
03:  |  |  |  | F|  |
04:  |  | F|  |  |  |
05: F|  | F|  | F|  |
---------------------
Generation 30, black
---------------------
   00|01|02|03|04|05|
00: F| F| F| F| F| F|
01: F|  |  |  |  | F|
02:  | F| F|  | F| F|
03:  |  |  |  | F|  |
04: F|  | F|  | F|  |
05: F|  | F|  | F|  |
---------------------
0 0 19
