Generation 0, red
------------------------------------------------
   00|01|02|03|04|05|06|07|08|09|10|11|12|13|14|
00: R|  |  |  |  |  | F| *|  |  |  |  |  |  |  |
01:  | R| *|  |  | *|  | R|  | F|  |  |  |  |  |
02: F| *|  |  |  |  |  |  |  |  | *|  |  |  | F|
------------------------------------------------
Generation 1, red
------------------------------------------------
   00|01|02|03|04|05|06|07|08|09|10|11|12|13|14|
00:  | R|  |  |  |  |  | *|  | F|  |  |  |  |  |
01: F|  | *|  |  | *| F|  |  |  |  |  |  |  | F|
02:  | *|  |  |  |  |  | R|  |  | *|  |  |  |  |
------------------------------------------------
Generation 1, black
------------------------------------------------
   00|01|02|03|04|05|06|07|08|09|10|11|12|13|14|
00:  | R|  |  |  |  |  | *|  | F|  |  |  |  |  |
01: F|  | *|  |  | *| F|  |  |  |  |  |  |  | F|
02:  | *|  |  |  |  |  | R|  |  | *|  |  |  |  |
------------------------------------------------
Generation 2, red
------------------------------------------------
   00|01|02|03|04|05|06|07|08|09|10|11|12|13|14|
00:  | R|  |  |  |  |  | *|  | F|  |  |  |  |  |
01: F|  | *|  |  | *| F|  |  |  |  |  |  |  | F|
02:  | *|  |  |  |  |  | R|  |  | *|  |  |  |  |
------------------------------------------------
Generation 2, black
------------------------------------------------
   00|01|02|03|04|05|06|07|08|09|10|11|12|13|14|
00: F|  |  |  |  |  | F| *|  |  | F|  |  |  |  |
01:  | R| *|  |  | *|  |  |  |  |  |  |  | F|  |
02:  | *|  |  |  |  |  |  | R|  | *|  |  |  |  |
------------------------------------------------
Generation 3, red
------------------------------------------------
   00|01|02|03|04|05|06|07|08|09|10|11|12|13|14|
00:  | F|  |  |  |  |  | *|  |  |  |  |  | F|  |
01:  |  | *|  |  | *| F|  |  |  | F|  |  |  |  |
02:  | *|  |  |  |  |  | R|  |  | *|  |  |  |  |
------------------------------------------------
Generation 3, black
------------------------------------------------
   00|01|02|03|04|05|06|07|08|09|10|11|12|13|14|
00:  | F|  |  |  |  |  | *|  |  |  |  |  | F|  |
01:  |  | *|  |  | *| F|  |  |  | F|  |  |  |  |
02:  | *|  |  |  |  |  | R|  |  | *|  |  |  |  |
------------------------------------------------
Generation 4, red
------------------------------------------------
   00|01|02|03|04|05|06|07|08|09|10|11|12|13|14|
00:  | F|  |  |  |  |  | *|  |  |  |  |  | F|  |
01:  |  | *|  |  | *| F|  |  |  | F|  |  |  |  |
02:  | *|  |  |  |  |  | R|  |  | *|  |  |  |  |
------------------------------------------------
Generation 4, black
------------------------------------------------
   00|01|02|03|04|05|06|07|08|09|10|11|12|13|14|
00:  |  |  |  |  |  | F| *|  |  |  |  |  |  |  |
01:  | F| *|  |  | *|  |  |  |  |  | F|  | F|  |
02:  | *|  |  |  |  |  | R| R|  | *|  |  |  |  |
------------------------------------------------
Generation 5, red
------------------------------------------------
   00|01|02|03|04|05|06|07|08|09|10|11|12|13|14|
00:  | F|  |  |  |  |  | *|  |  |  |  |  | F|  |
01:  |  | *|  |  | *| F|  | R|  |  |  |  |  |  |
02:  | *|  |  |  |  |  | R|  |  | *| F|  |  |  |
------------------------------------------------
Generation 5, black
------------------------------------------------
   00|01|02|03|04|05|06|07|08|09|10|11|12|13|14|
00:  | F|  |  |  |  |  | *|  |  |  |  |  | F|  |
01:  |  | *|  |  | *| F|  | R|  |  |  |  |  |  |
02:  | *|  |  |  |  |  |  | R|  | *| F|  |  |  |
------------------------------------------------
Generation 6, red
------------------------------------------------
   00|01|02|03|04|05|06|07|08|09|10|11|12|13|14|
00:  | F|  |  |  |  |  | *|  |  |  |  |  | F|  |
01:  |  | *|  |  | *| F|  | R|  |  |  |  |  |  |
02:  | *|  |  |  |  |  |  |  | R| *| F|  |  |  |
------------------------------------------------
Generation 6, black
------------------------------------------------
   00|01|02|03|04|05|06|07|08|09|10|11|12|13|14|
00:  |  |  |  |  |  |  | *|  |  |  |  |  |  |  |
01:  | F| *|  |  | *|  | R|  |  |  |  |  |  |  |
02:  | *|  |  |  |  |  |  |  | R| *|  |  |  |  |
------------------------------------------------
Generation 7, red
------------------------------------------------
   00|01|02|03|04|05|06|07|08|09|10|11|12|13|14|
00:  | F|  |  |  |  |  | *|  |  |  |  |  |  |  |
01:  |  | *|  |  | *|  |  |  |  |  |  |  |  |  |
02:  | *|  |  |  |  |  | R|  | R| *|  |  |  |  |
------------------------------------------------
Generation 7, black
------------------------------------------------
   00|01|02|03|04|05|06|07|08|09|10|11|12|13|14|
00:  | F|  |  |  |  |  | *|  |  |  |  |  |  |  |
01:  |  | *|  |  | *|  |  |  |  |  |  |  |  |  |
02:  | *|  |  |  |  |  | R| R|  | *|  |  |  |  |
------------------------------------------------
Generation 8, red
------------------------------------------------
   00|01|02|03|04|05|06|07|08|09|10|11|12|13|14|
00:  | F|  |  |  |  |  | *|  |  |  |  |  |  |  |
01:  |  | *|  |  | *|  |  | R|  |  |  |  |  |  |
02:  | *|  |  |  |  |  | R| R|  | *|  |  |  |  |
------------------------------------------------
Generation 8, black
------------------------------------------------
   00|01|02|03|04|05|06|07|08|09|10|11|12|13|14|
00:  | F|  |  |  |  |  | *|  |  |  |  |  |  |  |
01:  | F| *|  |  | *|  |  | R|  |  |  |  |  |  |
02:  | *|  |  |  |  | R| R| R|  | *|  |  |  |  |
------------------------------------------------
Generation 9, red
------------------------------------------------
   00|01|02|03|04|05|06|07|08|09|10|11|12|13|14|
00:  | F|  |  |  |  |  | *|  |  |  |  |  |  |  |
01: F|  | *|  |  | *| R|  | R|  |  |  |  |  |  |
02:  | *|  |  |  |  |  | R|  | R| *|  |  |  |  |
------------------------------------------------
Generation 9, black
------------------------------------------------
   00|01|02|03|04|05|06|07|08|09|10|11|12|13|14|
00:  |  |  |  |  |  |  | *|  |  |  |  |  |  |  |
01:  | F| *|  |  | *| R| R|  |  |  |  |  |  |  |
02:  | *|  |  |  |  |  |  | R| R| *|  |  |  |  |
------------------------------------------------
Generation 10, red
------------------------------------------------
   00|01|02|03|04|05|06|07|08|09|10|11|12|13|14|
00:  | F|  |  |  |  |  | *|  |  |  |  |  |  |  |
01:  |  | *|  |  | *| R|  | R|  |  |  |  |  |  |
02:  | *|  |  |  |  |  |  |  | R| *|  |  |  |  |
------------------------------------------------
Generation 10, black
------------------------------------------------
   00|01|02|03|04|05|06|07|08|09|10|11|12|13|14|
00:  | F|  |  |  |  | R| *|  |  |  |  |  |  |  |
01:  |  | *|  |  | *|  |  | R|  |  |  |  |  |  |
02:  | *|  |  |  |  |  |  | R|  | *|  |  |  |  |
------------------------------------------------
Generation 11, red
------------------------------------------------
   00|01|02|03|04|05|06|07|08|09|10|11|12|13|14|
00:  | F|  |  |  |  |  | *|  |  |  |  |  |  |  |
01:  |  | *|  |  | *| R|  | R|  |  |  |  |  |  |
02:  | *|  |  |  |  |  |  |  | R| *|  |  |  |  |
------------------------------------------------
Generation 11, black
------------------------------------------------
   00|01|02|03|04|05|06|07|08|09|10|11|12|13|14|
00:  |  |  |  |  |  |  | *|  |  |  |  |  |  |  |
01:  | F| *|  |  | *| R| R|  |  |  |  |  |  |  |
02:  | *|  |  |  |  |  |  |  | R| *|  |  |  |  |
------------------------------------------------
Generation 12, red
------------------------------------------------
   00|01|02|03|04|05|06|07|08|09|10|11|12|13|14|
00:  | F|  |  |  |  |  | *|  |  |  |  |  |  |  |
01:  |  | *|  |  | *| R| R| R|  |  |  |  |  |  |
02:  | *|  |  |  |  |  |  |  | R| *|  |  |  |  |
------------------------------------------------
Generation 12, black
------------------------------------------------
   00|01|02|03|04|05|06|07|08|09|10|11|12|13|14|
00:  | F|  |  |  |  |  | *|  |  |  |  |  |  |  |
01:  |  | *|  |  | *| R| R| R|  |  |  |  |  |  |
02:  | *|  |  |  |  | R|  | R| R| *|  |  |  |  |
------------------------------------------------
Generation 13, red
------------------------------------------------
   00|01|02|03|04|05|06|07|08|09|10|11|12|13|14|
00:  | F|  |  |  |  |  | *|  |  |  |  |  |  |  |
01:  |  | *|  |  | *| R|  | R|  |  |  |  |  |  |
02:  | *|  |  |  |  |  | R|  | R| *|  |  |  |  |
------------------------------------------------
Generation 13, black
------------------------------------------------
   00|01|02|03|04|05|06|07|08|09|10|11|12|13|14|
00:  |  |  |  |  |  | R| *|  |  |  |  |  |  |  |
01:  | F| *|  |  | *|  | R|  |  |  |  |  |  |  |
02:  | *|  |  |  |  |  | R| R|  | *|  |  |  |  |
------------------------------------------------
Generation 14, red
------------------------------------------------
   00|01|02|03|04|05|06|07|08|09|10|11|12|13|14|
00:  | F|  |  |  |  |  | *|  |  |  |  |  |  |  |
01:  |  | *|  |  | *| R|  | R|  |  |  |  |  |  |
02:  | *|  |  |  |  |  | R|  |  | *|  |  |  |  |
------------------------------------------------
Generation 14, black
------------------------------------------------
   00|01|02|03|04|05|06|07|08|09|10|11|12|13|14|
00:  |  |  |  |  |  |  | *|  |  |  |  |  |  |  |
01:  |  | *|  |  | *| R|  | R|  |  |  |  |  |  |
02:  | *|  |  |  |  |  |  | R|  | *|  |  |  |  |
------------------------------------------------
Generation 15, red
------------------------------------------------
   00|01|02|03|04|05|06|07|08|09|10|11|12|13|14|
00:  |  |  |  |  |  |  | *|  |  |  |  |  |  |  |
01:  |  | *|  |  | *| R|  | R|  |  |  |  |  |  |
02:  | *|  |  |  |  |  |  |  | R| *|  |  |  |  |
------------------------------------------------
Generation 15, black
------------------------------------------------
   00|01|02|03|04|05|06|07|08|09|10|11|12|13|14|
00:  |  |  |  |  |  | R| *|  |  |  |  |  |  |  |
01:  |  | *|  |  | *|  | R|  |  |  |  |  |  |  |
02:  | *|  |  |  |  |  |  |  | R| *|  |  |  |  |
------------------------------------------------
Generation 16, red
------------------------------------------------
   00|01|02|03|04|05|06|07|08|09|10|11|12|13|14|
00:  |  |  |  |  |  | R| *|  |  |  |  |  |  |  |
01:  |  | *|  |  | *| R| R|  |  |  |  |  |  |  |
02:  | *|  |  |  |  |  | R|  | R| *|  |  |  |  |
------------------------------------------------
Generation 16, black
------------------------------------------------
   00|01|02|03|04|05|06|07|08|09|10|11|12|13|14|
00:  |  |  |  |  |  | R| *|  |  |  |  |  |  |  |
01:  |  | *|  |  | *| R| R|  |  |  |  |  |  |  |
02:  | *|  |  |  |  |  | R| R| R| *|  |  |  |  |
------------------------------------------------
Generation 17, red
------------------------------------------------
   00|01|02|03|04|05|06|07|08|09|10|11|12|13|14|
00:  |  |  |  |  | R|  | *|  |  |  |  |  |  |  |
01:  |  | *|  |  | *| R|  | R|  |  |  |  |  |  |
02:  | *|  |  |  |  |  | R|  | R| *|  |  |  |  |
------------------------------------------------
Generation 17, black
------------------------------------------------
   00|01|02|03|04|05|06|07|08|09|10|11|12|13|14|
00:  |  |  |  |  | R| R| *|  |  |  |  |  |  |  |
01:  |  | *|  |  | *|  |  | R|  |  |  |  |  |  |
02:  | *|  |  |  |  |  |  | R|  | *|  |  |  |  |
------------------------------------------------
Generation 18, red
------------------------------------------------
   00|01|02|03|04|05|06|07|08|09|10|11|12|13|14|
00:  |  |  |  |  | R|  | *|  |  |  |  |  |  |  |
01:  |  | *|  |  | *| R|  | R|  |  |  |  |  |  |
02:  | *|  |  |  |  |  |  |  | R| *|  |  |  |  |
------------------------------------------------
Generation 18, black
------------------------------------------------
   00|01|02|03|04|05|06|07|08|09|10|11|12|13|14|
00:  |  |  |  | R|  |  | *|  |  |  |  |  |  |  |
01:  |  | *|  |  | *| R| R|  |  |  |  |  |  |  |
02:  | *|  |  |  |  |  |  |  | R| *|  |  |  |  |
------------------------------------------------
Generation 19, red
------------------------------------------------
   00|01|02|03|04|05|06|07|08|09|10|11|12|13|14|
00:  |  |  |  |  |  |  | *|  |  |  |  |  |  |  |
01:  |  | *|  | R| *| R|  | R|  |  |  |  |  |  |
02:  | *|  |  |  |  |  |  |  | R| *|  |  |  |  |
------------------------------------------------
Generation 19, black
------------------------------------------------
   00|01|02|03|04|05|06|07|08|09|10|11|12|13|14|
00:  |  |  |  |  |  | R| *|  |  |  |  |  |  |  |
01:  |  | *|  | R| *|  |  | R|  |  |  |  |  |  |
02:  | *|  |  |  |  |  |  | R|  | *|  |  |  |  |
------------------------------------------------
Generation 20, red
------------------------------------------------
   00|01|02|03|04|05|06|07|08|09|10|11|12|13|14|
00:  |  |  |  |  |  | R| *|  |  |  |  |  |  |  |
01:  |  | *|  | R| *| R|  | R|  |  |  |  |  |  |
02:  | *|  |  |  |  |  |  | R| R| *|  |  |  |  |
------------------------------------------------
Generation 20, black
------------------------------------------------
   00|01|02|03|04|05|06|07|08|09|10|11|12|13|14|
00:  |  |  |  |  |  | R| *|  |  |  |  |  |  |  |
01:  |  | *|  | R| *| R| R| R|  |  |  |  |  |  |
02:  | *|  |  | R|  |  |  | R| R| *|  |  |  |  |
------------------------------------------------
Generation 21, red
------------------------------------------------
   00|01|02|03|04|05|06|07|08|09|10|11|12|13|14|
00:  |  |  |  |  | R|  | *|  |  |  |  |  |  |  |
01:  |  | *|  | R| *| R|  | R|  |  |  |  |  |  |
02:  | *|  |  |  | R|  | R|  | R| *|  |  |  |  |
------------------------------------------------
Generation 21, black
------------------------------------------------
   00|01|02|03|04|05|06|07|08|09|10|11|12|13|14|
00:  |  |  |  |  | R| R| *|  |  |  |  |  |  |  |
01:  |  | *|  |  | *|  | R|  |  |  |  |  |  |  |
02:  | *|  |  | R| R|  | R| R|  | *|  |  |  |  |
------------------------------------------------
Generation 22, red
------------------------------------------------
   00|01|02|03|04|05|06|07|08|09|10|11|12|13|14|
00:  |  |  |  |  | R|  | *|  |  |  |  |  |  |  |
01:  |  | *|  | R| *| R|  | R|  |  |  |  |  |  |
02:  | *|  |  |  | R|  | R|  |  | *|  |  |  |  |
------------------------------------------------
Generation 22, black
------------------------------------------------
   00|01|02|03|04|05|06|07|08|09|10|11|12|13|14|
00:  |  |  |  | R|  |  | *|  |  |  |  |  |  |  |
01:  |  | *|  | R| *| R|  | R|  |  |  |  |  |  |
02:  | *|  |  | R|  |  |  | R|  | *|  |  |  |  |
------------------------------------------------
Generation 23, red
------------------------------------------------
   00|01|02|03|04|05|06|07|08|09|10|11|12|13|14|
00:  |  |  |  |  | R|  | *|  |  |  |  |  |  |  |
01:  |  | *|  | R| *| R|  | R|  |  |  |  |  |  |
02:  | *|  |  |  | R|  |  |  | R| *|  |  |  |  |
------------------------------------------------
Generation 23, black
------------------------------------------------
   00|01|02|03|04|05|06|07|08|09|10|11|12|13|14|
00:  |  |  |  |  | R| R| *|  |  |  |  |  |  |  |
01:  |  | *|  |  | *|  | R|  |  |  |  |  |  |  |
02:  | *|  |  | R| R|  |  |  | R| *|  |  |  |  |
------------------------------------------------
Generation 24, red
------------------------------------------------
   00|01|02|03|04|05|06|07|08|09|10|11|12|13|14|
00:  |  |  |  |  | R| R| *|  |  |  |  |  |  |  |
01:  |  | *|  | R| *| R| R|  |  |  |  |  |  |  |
02:  | *|  |  | R| R|  | R|  | R| *|  |  |  |  |
------------------------------------------------
Generation 24, black
------------------------------------------------
   00|01|02|03|04|05|06|07|08|09|10|11|12|13|14|
00:  |  |  |  | R| R| R| *|  |  |  |  |  |  |  |
01:  |  | *|  | R| *| R| R|  |  |  |  |  |  |  |
02:  | *|  |  | R| R| R| R| R| R| *|  |  |  |  |
------------------------------------------------
Generation 25, red
------------------------------------------------
   00|01|02|03|04|05|06|07|08|09|10|11|12|13|14|
00:  |  |  | R|  | R| R| *|  |  |  |  |  |  |  |
01:  |  | *|  | R| *| R|  | R|  |  |  |  |  |  |
02:  | *|  | R|  | R| R| R|  | R| *|  |  |  |  |
------------------------------------------------
Generation 25, black
------------------------------------------------
   00|01|02|03|04|05|06|07|08|09|10|11|12|13|14|
00:  |  |  | R| R|  | R| *|  |  |  |  |  |  |  |
01:  |  | *|  |  | *|  | R| R|  |  |  |  |  |  |
02:  | *|  | R| R|  | R|  | R|  | *|  |  |  |  |
------------------------------------------------
Generation 26, red
------------------------------------------------
   00|01|02|03|04|05|06|07|08|09|10|11|12|13|14|
00:  |  |  | R|  | R|  | *|  |  |  |  |  |  |  |
01:  |  | *|  | R| *| R|  | R|  |  |  |  |  |  |
02:  | *|  | R|  |  |  | R|  | R| *|  |  |  |  |
------------------------------------------------
Generation 26, black
------------------------------------------------
   00|01|02|03|04|05|06|07|08|09|10|11|12|13|14|
00:  |  |  |  | R| R|  | *|  |  |  |  |  |  |  |
01:  |  | *| R| R| *| R| R|  |  |  |  |  |  |  |
02:  | *|  |  |  |  |  | R|  | R| *|  |  |  |  |
------------------------------------------------
Generation 27, red
------------------------------------------------
   00|01|02|03|04|05|06|07|08|09|10|11|12|13|14|
00:  |  |  | R|  | R|  | *|  |  |  |  |  |  |  |
01:  |  | *|  | R| *| R|  | R|  |  |  |  |  |  |
02:  | *|  |  |  |  |  | R|  | R| *|  |  |  |  |
------------------------------------------------
Generation 27, black
------------------------------------------------
   00|01|02|03|04|05|06|07|08|09|10|11|12|13|14|
00:  |  |  | R| R|  | R| *|  |  |  |  |  |  |  |
01:  |  | *|  |  | *|  |  | R|  |  |  |  |  |  |
02:  | *|  |  | R|  |  |  | R|  | *|  |  |  |  |
------------------------------------------------
Generation 28, red
------------------------------------------------
   00|01|02|03|04|05|06|07|08|09|10|11|12|13|14|
00:  |  |  | R| R| R| R| *|  |  |  |  |  |  |  |
01:  |  | *|  |  | *| R|  | R|  |  |  |  |  |  |
02:  | *|  |  | R| R|  |  | R| R| *|  |  |  |  |
------------------------------------------------
Generation 28, black
------------------------------------------------
   00|01|02|03|04|05|06|07|08|09|10|11|12|13|14|
00:  |  | R| R| R| R| R| *|  |  |  |  |  |  |  |
01:  |  | *|  |  | *| R| R| R|  |  |  |  |  |  |
02:  | *|  |  | R| R|  |  | R| R| *|  |  |  |  |
------------------------------------------------
Generation 29, red
------------------------------------------------
   00|01|02|03|04|05|06|07|08|09|10|11|12|13|14|
00:  | R|  | R|  | R| R| *|  |  |  |  |  |  |  |
01:  |  | *|  | R| *| R|  | R|  |  |  |  |  |  |
02:  | *|  |  |  | R|  | R|  | R| *|  |  |  |  |
------------------------------------------------
Generation 29, black
------------------------------------------------
   00|01|02|03|04|05|06|07|08|09|10|11|12|13|14|
00:  | R|  |  | R|  | R| *|  |  |  |  |  |  |  |
01:  |  | *|  | R| *|  | R|  |  |  |  |  |  |  |
02:  | *|  |  | R|  | R| R| R|  | *|  |  |  |  |
------------------------------------------------
Generation 30, red
------------------------------------------------
   00|01|02|03|04|05|06|07|08|09|10|11|12|13|14|
00:  | R|  |  |  | R|  | *|  |  |  |  |  |  |  |
01:  |  | *|  | R| *| R|  | R|  |  |  |  |  |  |
02:  | *|  |  |  | R|  | R|  |  | *|  |  |  |  |
------------------------------------------------
Generation 30, black
------------------------------------------------
   00|01|02|03|04|05|06|07|08|09|10|11|12|13|14|
00:  |  |  |  |  | R|  | *|  |  |  |  |  |  |  |
01:  | R| *|  |  | *| R|  | R|  |  |  |  |  |  |
02:  | *|  |  | R| R|  |  | R|  | *|  |  |  |  |
------------------------------------------------
5 7 0
