ARGS: 300 6000 900 8000 200000 7 100000 12 20 9999
OUTPUT: 7997 37579 643677
